(ARCTools Version 2.1.2)
 HexLoc     DecLoc    MachWord   Label        Instruction                Comment
                                              .equ C500A120h             
                                              .equ 20                    
                                              .org 2048                  
                                                                         
                                                                         
00000800  0000002048  03000834                sethi 2100, %r1            
00000804  0000002052  8330600a                srl %r1, 10, %r1           
                                                                         !sethi %hi(x), %r1
                                                                         !addcc %r1, %lo(x), %r1
00000808  0000002056  84002014                add %r0, 20, %r2           
0000080c  0000002060  0b000848                sethi 2120, %r5            
00000810  0000002064  8b31600a                srl %r5, 10, %r5           
00000814  0000002068            loop:                                    !call lectura
                                                                         !pop %r3
00000818  0000002072                          read %r3                   
00000818  0000002072  c6004000                ld %r1, %r3                
0000081c  0000002076  c6214000                st %r3, %r5                
00000820  0000002080  84a0a001                subcc %r2, 1, %r2          
00000824  0000002084  02800003                be 3                       
00000828  0000002088  ca016004                ld %r5, [4], %r5           
0000082c  0000002092  10bffffa                ba -6                      
                                                                         
00000830  0000002096  ffffffff  fin:          halt                       
                                                                         
00000834  0000002100  00000001  x:                                       
                                                                         
00000838  0000002104  c8004000  lectura:      ld %r1, %r4                
0000083c  0000002108                          push %r4                   
0000083c  0000002108  9c03bffc                add %r14, -4, %r14         
00000840  0000002112  c8238000                st %r4, %r14               
00000844  0000002116  81c3e004                jmpl %r15, 4, %r0          
                                                                         
00000848  0000002120            arreglo:      .dwb 20                    

--- Symbol Table ---
x: 2100
loop: 2068
dir: -989814496
arreglo: 2120
lectura: 2104
length: 20
fin: 2096
