(ARCTools Version 2.1.2)
 HexLoc     DecLoc    MachWord   Label        Instruction                Comment
                                              .org 2048                  
00000800  0000002048  c2002820                ld [2080], %r1             
00000804  0000002052  c4002824                ld [2084], %r2             
00000808  0000002056  86008000                add %r2, %r0, %r3          
0000080c  0000002060  84004000                add %r1, %r0, %r2          
00000810  0000002064  8200c000                add %r3, %r0, %r1          
00000814  0000002068  c2202820                st %r1, [2080]             
00000818  0000002072  c4202824                st %r2, [2084]             
0000081c  0000002076  ffffffff                halt                       
                                                                         
00000820  0000002080  ffffffff  x:                                       
00000824  0000002084  eeeeeeee  y:                                       
                                                                         

--- Symbol Table ---
x: 2080
y: 2084
